---
source: example/src/optionals.rs
expression: "grammar::Language::parse(\"_2\")"
---
ParseResult {
    result: Some(
        Language {
            v: None,
            _s: (),
            t: Spanned {
                value: Some(
                    Number {
                        v: 2,
                    },
                ),
                position: Position {
                    bytes: 1..2,
                    start: Point {
                        line: 1,
                        column: 2,
                    },
                    end: Point {
                        line: 1,
                        column: 3,
                    },
                },
            },
            _d: None,
        },
    ),
    errors: [],
}
