---
source: example/src/repetitions.rs
expression: "grammar3::parse(\"\")"
---
Ok(
    NumberList {
        numbers: Spanned {
            value: [],
            byte_span: (
                0,
                0,
            ),
            line_span: (
                Point {
                    line: 1,
                    column: 1,
                },
                Point {
                    line: 1,
                    column: 1,
                },
            ),
        },
        metadata: 123,
    },
)
