---
source: example/src/optionals.rs
expression: "grammar::Language::parse(\"1_\")"
---
ParseResult {
    result: Some(
        Language {
            v: Some(
                Number {
                    v: 1,
                },
            ),
            _s: (),
            t: Spanned {
                value: None,
                position: Position {
                    bytes: 1..2,
                    start: Point {
                        line: 1,
                        column: 2,
                    },
                    end: Point {
                        line: 1,
                        column: 3,
                    },
                },
            },
            _d: None,
        },
    ),
    errors: [],
}
