---
source: tool/src/lib.rs
assertion_line: 317
expression: grammar
---
{"name":"Expression","word":null,"rules":{"source_file":{"type":"CHOICE","members":[{"type":"SYMBOL","name":"Expression_Number"},{"type":"SYMBOL","name":"Expression_Sub"}]},"Expression_Number":{"type":"SEQ","members":[{"type":"FIELD","name":"0","content":{"type":"PATTERN","value":"\\d+"}}]},"Expression_Sub":{"type":"PREC_LEFT","value":1,"content":{"type":"SEQ","members":[{"type":"FIELD","name":"0","content":{"type":"SYMBOL","name":"Expression"}},{"type":"FIELD","name":"1","content":{"type":"STRING","value":"-"}},{"type":"FIELD","name":"2","content":{"type":"SYMBOL","name":"Expression"}}]}},"Expression":{"type":"CHOICE","members":[{"type":"SYMBOL","name":"Expression_Number"},{"type":"SYMBOL","name":"Expression_Sub"}]}},"extras":[]}
