---
source: tool/src/lib.rs
assertion_line: 286
expression: grammar
---
{"name":"Expression","word":null,"rules":{"source_file":{"type":"CHOICE","members":[{"type":"SYMBOL","name":"Expression_Number"},{"type":"SYMBOL","name":"Expression_Neg"}]},"Expression_Number":{"type":"SEQ","members":[{"type":"FIELD","name":"0","content":{"type":"PATTERN","value":"\\d+"}}]},"Expression_Neg":{"type":"SEQ","members":[{"type":"FIELD","name":"0","content":{"type":"STRING","value":"-"}},{"type":"FIELD","name":"1","content":{"type":"SYMBOL","name":"Expression"}}]},"Expression":{"type":"CHOICE","members":[{"type":"SYMBOL","name":"Expression_Number"},{"type":"SYMBOL","name":"Expression_Neg"}]}},"extras":[]}
