---
source: tool/src/lib.rs
assertion_line: 232
expression: grammar
---
{"name":"Expr","word":null,"rules":{"source_file":{"type":"CHOICE","members":[{"type":"SYMBOL","name":"Expr_Number"},{"type":"SYMBOL","name":"Expr_Neg"}]},"Expr_Number":{"type":"SEQ","members":[{"type":"FIELD","name":"0","content":{"type":"PATTERN","value":"\\d+"}}]},"Expr_Neg":{"type":"SEQ","members":[{"type":"FIELD","name":"_bang","content":{"type":"STRING","value":"!"}},{"type":"FIELD","name":"value","content":{"type":"SYMBOL","name":"Expr"}}]},"Expr":{"type":"CHOICE","members":[{"type":"SYMBOL","name":"Expr_Number"},{"type":"SYMBOL","name":"Expr_Neg"}]}},"extras":[]}
